error: `auto_impl` supports only ident of wildcard arguments
 --> tests/ui/errors/auto-impl.pattern.macro.rs:3:13
  |
3 |     fn test(some_macro!(a): i32) {
  |             ^^^^^^^^^^
